Archive member included because of file (symbol)

c:/program files (x86)/gnu tools arm embedded/4.6 2012q4/bin/../lib/gcc/arm-none-eabi/4.6.2/armv7-m\libgcc.a(_arm_addsubdf3.o)
                              ..\obj\main.o (__aeabi_dadd)
c:/program files (x86)/gnu tools arm embedded/4.6 2012q4/bin/../lib/gcc/arm-none-eabi/4.6.2/armv7-m\libgcc.a(_arm_muldivdf3.o)
                              ..\obj\main.o (__aeabi_dmul)
c:/program files (x86)/gnu tools arm embedded/4.6 2012q4/bin/../lib/gcc/arm-none-eabi/4.6.2/armv7-m\libgcc.a(_arm_truncdfsf2.o)
                              ..\obj\main.o (__aeabi_d2f)
c:/program files (x86)/gnu tools arm embedded/4.6 2012q4/bin/../lib/gcc/arm-none-eabi/4.6.2/armv7-m\libgcc.a(_arm_addsubsf3.o)
                              ..\obj\main.o (__aeabi_i2f)
c:/program files (x86)/gnu tools arm embedded/4.6 2012q4/bin/../lib/gcc/arm-none-eabi/4.6.2/armv7-m\libgcc.a(_arm_muldivsf3.o)
                              ..\obj\main.o (__aeabi_fmul)
c:/program files (x86)/gnu tools arm embedded/4.6 2012q4/bin/../lib/gcc/arm-none-eabi/4.6.2/armv7-m\libgcc.a(_arm_fixunssfsi.o)
                              ..\obj\main.o (__aeabi_f2uiz)

Allocating common symbols
Common symbol       size              file

PORTNUM             0x2               ..\obj\main.o
LngY                0x4               ..\obj\main.o
TecPerRas           0x4               ..\obj\main.o
Y_menu2             0x1               ..\obj\main.o
ReadBuf             0x3e8             ..\obj\stm32f10x_RS485Master.o
SaveInt             0x2               ..\obj\main.o
WriteEEP            0x1               ..\obj\main.o
TicVol              0x1               ..\obj\main.o
ProgReset           0x1               ..\obj\main.o
B_video             0x1               ..\obj\main.o
Second              0x1               ..\obj\main.o
chSumUART           0x1               ..\obj\stm32f10x_RS485.o
pGD_ConstMechanic   0x4               ..\obj\main.o
pGD_ConstMechanic_Mech
                    0x4               ..\obj\main.o
nSensAreaNow        0x1               ..\obj\main.o
IntX                0x2               ..\obj\main.o
pSostRS485          0x4               ..\obj\stm32f10x_RS485.o
nSensor             0x1               ..\obj\main.o
fLightPause         0x2               ..\obj\main.o
ToLowTime           0x1               ..\obj\main.o
GLF                 0x4               ..\obj\stm32f10x_RS485Master.o
EthBlock            0x4               ..\obj\main.o
nPortD              0x1               ..\obj\main.o
CalPort             0x1               ..\obj\main.o
Int1Count           0x2               ..\obj\main.o
Sockets             0x64              ..\obj\stm32f10x_RS485.o
PastPerRas          0x4               ..\obj\main.o
NowDayOfWeek        0x1               ..\obj\main.o
nTimer              0x1               ..\obj\main.o
pGD_Strategy_Tepl   0x4               ..\obj\main.o
MACAddr             0x4               ..\obj\main.o
pGD_Hot_Tepl_Kontur
                    0x4               ..\obj\main.o
bNight              0x1               ..\obj\main.o
StatusByte          0x2               ..\obj\stm32f10x_RS485Master.o
pGD_Hot_Tepl        0x4               ..\obj\main.o
FalseIZ             0x1               ..\obj\main.o
RSTime              0x4               ..\obj\stm32f10x_RS485.o
DestSize            0x4               ..\obj\main.o
pNumBlock           0x4               ..\obj\stm32f10x_RS485.o
pBuf                0x4               ..\obj\main.o
nInput              0x1               ..\obj\main.o
MesINT1             0x4               ..\obj\main.o
nNextProgs          0x1               ..\obj\main.o
KeyDelay            0x1               ..\obj\main.o
ipaddr              0x4               ..\obj\main.o
EthSost             0x4               ..\obj\main.o
GLDir               0x1               ..\obj\stm32f10x_RS485Master.o
Sec                 0x1               ..\obj\main.o
ByteZ               0x1               ..\obj\main.o
bOutIPCBlock        0x1               ..\obj\stm32f10x_RS485Master.o
eCS                 0x4               ..\obj\main.o
RegLEV              0x1               ..\obj\main.o
cModule             0x1               ..\obj\stm32f10x_RS485Master.o
B_input             0x1               ..\obj\main.o
MaximVal            0x4               ..\obj\main.o
GlobData            0x2               ..\obj\main.o
pDataRSOUT          0x4               ..\obj\stm32f10x_RS485Master.o
BlkW                0x1               ..\obj\main.o
Int2Count           0x2               ..\obj\main.o
fLightOn            0x1               ..\obj\main.o
PHASE_RS_OUT        0x1               ..\obj\stm32f10x_RS485Master.o
IntCount            0x2               ..\obj\main.o
MinimVal            0x4               ..\obj\main.o
MaskRas             0x1               ..\obj\main.o
IntZ                0x2               ..\obj\main.o
GD                  0x9749            ..\obj\main.o
TecChan             0x1               ..\obj\main.o
[...]
Memory Configuration

Name             Origin             Length             Attributes
rom              0x08000000         0x00040000         xr
ram              0x20000000         0x00010000         xrw
*default*        0x00000000         0xffffffff

Linker script and memory map

                0x20010000                _eram = 0x20010000

.text           0x08000000    0x10ce0
 *(.isr_vector)
 .isr_vector    0x08000000      0x154 ..\obj\startup_stm32f10x_cl.o
                0x08000000                g_pfnVectors
 *(.text*)
 .text.RTC_ITConfig
                0x08000154       0x28 ..\obj\stm32f10x_rtc.o
                0x08000154                RTC_ITConfig
 .text.RTC_EnterConfigMode
                0x0800017c       0x14 ..\obj\stm32f10x_rtc.o
                0x0800017c                RTC_EnterConfigMode
 .text.RTC_ExitConfigMode
                0x08000190       0x1c ..\obj\stm32f10x_rtc.o
                0x08000190                RTC_ExitConfigMode
 .text.RTC_GetCounter
                0x080001ac       0x14 ..\obj\stm32f10x_rtc.o
                0x080001ac                RTC_GetCounter
 .text.RTC_SetCounter
                0x080001c0       0x20 ..\obj\stm32f10x_rtc.o
                0x080001c0                RTC_SetCounter
 .text.RTC_SetPrescaler
                0x080001e0       0x20 ..\obj\stm32f10x_rtc.o
                0x080001e0                RTC_SetPrescaler
 .text.RTC_WaitForLastTask
                0x08000200       0x14 ..\obj\stm32f10x_rtc.o
                0x08000200                RTC_WaitForLastTask
 .text.RTC_WaitForSynchro
                0x08000214       0x2c ..\obj\stm32f10x_rtc.o
                0x08000214                RTC_WaitForSynchro
 .text.RTC_GetITStatus
                0x08000240       0x28 ..\obj\stm32f10x_rtc.o
                0x08000240                RTC_GetITStatus
 .text.RTC_ClearITPendingBit
                0x08000268       0x14 ..\obj\stm32f10x_rtc.o
                0x08000268                RTC_ClearITPendingBit
 .text.isDST    0x0800027c       0x38 ..\obj\stm32f10x__clock.o
 .text.counter_to_struct
                0x080002b4      0x100 ..\obj\stm32f10x__clock.o
 .text.ReadDateTime
                0x080003b4       0x8c ..\obj\stm32f10x__clock.o
                0x080003b4                ReadDateTime
 .text.WriteDateTime
                0x08000440      0x110 ..\obj\stm32f10x__clock.o
                0x08000440                WriteDateTime
 .text.SystemInit
                0x08000550      0x174 ..\obj\system_stm32f10x.o
                0x08000550                SystemInit
 .text.PWR_BackupAccessCmd
                0x080006c4        0xc ..\obj\stm32f10x_pwr.o
                0x080006c4                PWR_BackupAccessCmd
 .text.GPIO_Init
                0x080006d0       0xc0 ..\obj\stm32f10x_gpio.o
                0x080006d0                GPIO_Init
 .text.GPIO_StructInit
                0x08000790       0x14 ..\obj\stm32f10x_gpio.o
                0x08000790                GPIO_StructInit
 .text.GPIO_ReadInputData
                0x080007a4        0x8 ..\obj\stm32f10x_gpio.o
                0x080007a4                GPIO_ReadInputData
 .text.GPIO_ReadOutputData
                0x080007ac        0x8 ..\obj\stm32f10x_gpio.o
                0x080007ac                GPIO_ReadOutputData
 .text.GPIO_WriteBit
                0x080007b4        0xc ..\obj\stm32f10x_gpio.o
                0x080007b4                GPIO_WriteBit
 .text.GPIO_Write
                0x080007c0        0x4 ..\obj\stm32f10x_gpio.o
                0x080007c0                GPIO_Write
 .text.GPIO_PinRemapConfig
                0x080007c4       0x88 ..\obj\stm32f10x_gpio.o
                0x080007c4                GPIO_PinRemapConfig
 .text.GPIO_EXTILineConfig
                0x0800084c       0x40 ..\obj\stm32f10x_gpio.o
                0x0800084c                GPIO_EXTILineConfig
 .text.Init_MEAS_INPUT
                0x0800088c       0xb8 ..\obj\main.o
                0x0800088c                Init_MEAS_INPUT
 .text.InitBlockEEP
                0x08000944       0xbc ..\obj\main.o
                0x08000944                InitBlockEEP
 .text.ButtonReset
                0x08000a00      0x108 ..\obj\main.o
                0x08000a00                ButtonReset
 .text.MemClr   0x08000b08       0x18 ..\obj\main.o
                0x08000b08                MemClr
 .text.CalcRAMSum
                0x08000b20       0x48 ..\obj\main.o
                0x08000b20                CalcRAMSum
 .text.SameSign
                0x08000b68       0x20 ..\obj\main.o
                0x08000b68                SameSign
 .text.SetPointersOnTepl
                0x08000b88       0xd4 ..\obj\main.o
                0x08000b88                SetPointersOnTepl
 .text.SetDiskrSens
                0x08000c5c       0x70 ..\obj\main.o
                0x08000c5c                SetDiskrSens
 .text.InitGD   0x08000ccc      0x464 ..\obj\main.o
                0x08000ccc                InitGD
 .text.SetPointersOnKontur
                0x08001130       0xa4 ..\obj\main.o
                0x08001130                SetPointersOnKontur
 .text.MidlWindAndSr
                0x080011d4       0xd4 ..\obj\main.o
                0x080011d4                MidlWindAndSr
 .text.CheckMidlSr
                0x080012a8       0x68 ..\obj\main.o
                0x080012a8                CheckMidlSr
 .text.ogrMin   0x08001310        0xc ..\obj\main.o
                0x08001310                ogrMin
 .text.ogrMax   0x0800131c        0xc ..\obj\main.o
                0x0800131c                ogrMax
 .text.CheckSeparate
                0x08001328       0x80 ..\obj\main.o
                0x08001328                CheckSeparate
 .text.CheckMain
                0x080013a8       0x3c ..\obj\main.o
                0x080013a8                CheckMain
 .text.CorrectionRule
                0x080013e4       0x54 ..\obj\main.o
                0x080013e4                CorrectionRule
 .text.SetPID   0x08001438      0x150 ..\obj\main.o
                0x08001438                SetPID
 .text.WindDirect
                0x08001588      0x128 ..\obj\main.o
                0x08001588                WindDirect
 .text.SetRelay
                0x080016b0       0x4c ..\obj\main.o
                0x080016b0                SetRelay
 .text.ClrRelay
                0x080016fc       0x48 ..\obj\main.o
                0x080016fc                ClrRelay
 .text.TestRelay
                0x08001744       0x4c ..\obj\main.o
                0x08001744                TestRelay
 .text.__SetBitOutReg
                0x08001790       0x8c ..\obj\main.o
                0x08001790                __SetBitOutReg
 .text.SetValue
                0x0800181c       0x38 ..\obj\main.o
                0x0800181c                SetValue
 .text.w_txt    0x08001854       0x64 ..\obj\main.o
                0x08001854                w_txt
 .text.w_int    0x080018b8      0x7e8 ..\obj\main.o
                0x080018b8                w_int
 .text.CheckModeScreen
                0x080020a0      0x3fc ..\obj\main.o
                0x080020a0                CheckModeScreen
 .text.InitScreen
                0x0800249c       0x64 ..\obj\main.o
                0x0800249c                InitScreen
 .text.SetPosScreen
                0x08002500      0x1a8 ..\obj\main.o
                0x08002500                SetPosScreen
 .text.SetReg   0x080026a8      0x26c ..\obj\main.o
                0x080026a8                SetReg
 .text.RegWorkDiskr
                0x08002914       0xd8 ..\obj\main.o
                0x08002914                RegWorkDiskr
 .text.DefRH    0x080029ec       0x30 ..\obj\main.o
                0x080029ec                DefRH
 .text.SetNoWorkKontur
                0x08002a1c       0x28 ..\obj\main.o
                0x08002a1c                SetNoWorkKontur
 .text.__sMinMaxWater
                0x08002a44      0x214 ..\obj\main.o
                0x08002a44                __sMinMaxWater
 .text.CheckUCValveSystem
                0x08002c58       0xe4 ..\obj\main.o
                0x08002c58                CheckUCValveSystem
 .text.CheckMistSystem
                0x08002d3c      0x118 ..\obj\main.o
                0x08002d3c                CheckMistSystem
 .text.SysInTemp
                0x08002e54       0x54 ..\obj\main.o
                0x08002e54                SysInTemp
 .text.MaxSysInTemp
                0x08002ea8       0x50 ..\obj\main.o
                0x08002ea8                MaxSysInTemp
 .text.FinalCheckSys
                0x08002ef8       0x78 ..\obj\main.o
                0x08002ef8                FinalCheckSys
 .text.KeepUCValve
                0x08002f70       0x10 ..\obj\main.o
                0x08002f70                KeepUCValve
 .text.KeepFanSystem
                0x08002f80       0x20 ..\obj\main.o
                0x08002f80                KeepFanSystem
 .text.CheckFanSystem
                0x08002fa0      0x13c ..\obj\main.o
                0x08002fa0                CheckFanSystem
 .text.SetPrioritySystem
                0x080030dc       0x74 ..\obj\main.o
                0x080030dc                SetPrioritySystem
 .text.PutCritery
                0x08003150       0xd4 ..\obj\main.o
                0x08003150                PutCritery
 .text.TakeForSys
                0x08003224       0xa4 ..\obj\main.o
                0x08003224                TakeForSys
 .text.__MechToVentTemp
                0x080032c8       0x34 ..\obj\main.o
                0x080032c8                __MechToVentTemp
 .text.__MaxMechToVentTemp
                0x080032fc       0x24 ..\obj\main.o
                0x080032fc                __MaxMechToVentTemp
 .text.__sMinMaxWindows
                0x08003320      0x384 ..\obj\main.o
                0x08003320                __sMinMaxWindows
 .text.__sInitKontur
                0x080036a4      0x288 ..\obj\main.o
                0x080036a4                __sInitKontur
 .text.__sRegulKontur
                0x0800392c      0x150 ..\obj\main.o
                0x0800392c                __sRegulKontur
 .text.__sPotentialPosibilityKontur
                0x08003a7c      0x10c ..\obj\main.o
                0x08003a7c                __sPotentialPosibilityKontur
 .text.__WorkableKontur
                0x08003b88      0x288 ..\obj\main.o
                0x08003b88                __WorkableKontur
 .text.__sRealPosibilityKonturs
                0x08003e10      0x144 ..\obj\main.o
                0x08003e10                __sRealPosibilityKonturs
 .text.__sRaspKontur
                0x08003f54       0x68 ..\obj\main.o
                0x08003f54                __sRaspKontur
 .text.__sRaspOwnKontur
                0x08003fbc       0x60 ..\obj\main.o
                0x08003fbc                __sRaspOwnKontur
 .text.__sLastCheckWindow
                0x0800401c       0x2c ..\obj\main.o
                0x0800401c                __sLastCheckWindow
 .text.__sThisToFirst
                0x08004048       0x28 ..\obj\main.o
                0x08004048                __sThisToFirst
 .text.__sLastCheckKontur
                0x08004070      0x180 ..\obj\main.o
                0x08004070                __sLastCheckKontur
 .text.__sCalcTempKonturs
                0x080041f0       0x88 ..\obj\main.o
                0x080041f0                __sCalcTempKonturs
 .text.__sCalcKonturs
                0x08004278      0x780 ..\obj\main.o
                0x08004278                __sCalcKonturs
 .text.__sMechScreen
                0x080049f8       0x54 ..\obj\main.o
                0x080049f8                __sMechScreen
 .text.__SetIntWin
                0x08004a4c       0xc0 ..\obj\main.o
                0x08004a4c                __SetIntWin
 .text.__SetWinPress
                0x08004b0c       0xb0 ..\obj\main.o
                0x08004b0c                __SetWinPress
 .text.__SetPad
                0x08004bbc       0x58 ..\obj\main.o
                0x08004bbc                __SetPad
 .text.__sMechWindows
                0x08004c14      0x114 ..\obj\main.o
                0x08004c14                __sMechWindows
 .text.DecPumpPause
                0x08004d28       0x74 ..\obj\main.o
                0x08004d28                DecPumpPause
 .text.SetUpSiod
                0x08004d9c      0x214 ..\obj\main.o
                0x08004d9c                SetUpSiod
 .text.DoSiod   0x08004fb0      0x158 ..\obj\main.o
                0x08004fb0                DoSiod
 .text.JumpNext
                0x08005108       0x50 ..\obj\main.o
                0x08005108                JumpNext
 .text.TaskTimer
                0x08005158      0x37c ..\obj\main.o
                0x08005158                TaskTimer
 .text.AllTaskAndCorrection
                0x080054d4      0x3d4 ..\obj\main.o
                0x080054d4                AllTaskAndCorrection
 .text.SetIfReset
                0x080058a8       0x48 ..\obj\main.o
                0x080058a8                SetIfReset
 .text.__cNextTCalc
                0x080058f0      0x818 ..\obj\main.o
                0x080058f0                __cNextTCalc
 .text.SetMixValvePosition
                0x08006108       0xd4 ..\obj\main.o
                0x08006108                SetMixValvePosition
 .text.DoPumps  0x080061dc       0x60 ..\obj\main.o
                0x080061dc                DoPumps
 .text.DoLights
                0x0800623c       0x28 ..\obj\main.o
                0x0800623c                DoLights
 .text.SetSensOnMech
                0x08006264       0x74 ..\obj\main.o
                0x08006264                SetSensOnMech
 .text.ClearAllAlarms
                0x080062d8       0x68 ..\obj\main.o
                0x080062d8                ClearAllAlarms
 .text.SetAlarm
                0x08006340      0x164 ..\obj\main.o
                0x08006340                SetAlarm
 .text.SetDiskr
                0x080064a4      0x470 ..\obj\main.o
                0x080064a4                SetDiskr
 .text.DoMechanics
                0x08006914      0x568 ..\obj\main.o
                0x08006914                DoMechanics
 .text.SetMeteo
                0x08006e7c      0x188 ..\obj\main.o
                0x08006e7c                SetMeteo
 .text.SetLighting
                0x08007004      0x178 ..\obj\main.o
                0x08007004                SetLighting
 .text.SetTepl  0x0800717c       0xdc ..\obj\main.o
                0x0800717c                SetTepl
 .text.SubConfig
                0x08007258      0x138 ..\obj\main.o
                0x08007258                SubConfig
 .text.Configuration
                0x08007390       0x18 ..\obj\main.o
                0x08007390                Configuration
 .text.pmInfoProg405
                0x080073a8      0x1ec ..\obj\main.o
                0x080073a8                pmInfoProg405
 .text.pmStrategy
                0x08007594      0x168 ..\obj\main.o
                0x08007594                pmStrategy
 .text.AutoMan  0x080076fc       0x1c ..\obj\main.o
                0x080076fc                AutoMan
 .text.pmHand   0x08007718      0x4a4 ..\obj\main.o
                0x08007718                pmHand
 .text.pmParMechanic
                0x08007bbc      0x250 ..\obj\main.o
                0x08007bbc                pmParMechanic
 .text.pmNow    0x08007e0c      0x504 ..\obj\main.o
                0x08007e0c                pmNow
 .text.pmProgClimate
                0x08008310      0x228 ..\obj\main.o
                0x08008310                pmProgClimate
 .text.LCD_CTRL_DIR_OUT
                0x08008538       0x40 ..\obj\main.o
                0x08008538                LCD_CTRL_DIR_OUT
 .text.LCD_DATA_DIR_IN
                0x08008578       0x44 ..\obj\main.o
                0x08008578                LCD_DATA_DIR_IN
 .text.LCD_DATA_DIR_OUT
                0x080085bc       0x44 ..\obj\main.o
                0x080085bc                LCD_DATA_DIR_OUT
 .text.LCD_DATA_IN
                0x08008600       0x1c ..\obj\main.o
                0x08008600                LCD_DATA_IN
 .text.LCD_DATA_OUT
                0x0800861c       0x2c ..\obj\main.o
                0x0800861c                LCD_DATA_OUT
 .text.Delay    0x08008648       0x1c ..\obj\main.o
                0x08008648                Delay
 .text.ReadStatus
                0x08008664       0x60 ..\obj\main.o
                0x08008664                ReadStatus
 .text.SendCmd  0x080086c4       0x3c ..\obj\main.o
                0x080086c4                SendCmd
 .text.SendByte
                0x08008700       0x3c ..\obj\main.o
                0x08008700                SendByte
 .text.Send2    0x0800873c       0x40 ..\obj\main.o
                0x0800873c                Send2
 .text.SendBlock
                0x0800877c       0x70 ..\obj\main.o
                0x0800877c                SendBlock
 .text.SendSim  0x080087ec       0x70 ..\obj\main.o
                0x080087ec                SendSim
 .text.IniLCDMem
                0x0800885c       0x74 ..\obj\main.o
                0x0800885c                IniLCDMem
 .text.InitLCD  0x080088d0       0x90 ..\obj\main.o
                0x080088d0                InitLCD
 .text.clear_d  0x08008960       0x28 ..\obj\main.o
                0x08008960                clear_d
 .text.TimeToBuf
                0x08008988       0x8c ..\obj\main.o
                0x08008988                TimeToBuf
 .text.VideoSost
                0x08008a14       0x4c ..\obj\main.o
                0x08008a14                VideoSost
 .text.SendFirstScreen
                0x08008a60       0x90 ..\obj\main.o
                0x08008a60                SendFirstScreen
 .text.ClearGraf
                0x08008af0       0x68 ..\obj\main.o
                0x08008af0                ClearGraf
 .text.Video    0x08008b58       0xac ..\obj\main.o
                0x08008b58                Video
 .text.Keyboard_Init
                0x08008c04       0x60 ..\obj\main.o
                0x08008c04                Keyboard_Init
 .text.CheckKeyboardSTM
                0x08008c64       0xe0 ..\obj\main.o
                0x08008c64                CheckKeyboardSTM
 .text.InitIPCTimer
                0x08008d44       0x60 ..\obj\main.o
                0x08008d44                InitIPCTimer
 .text.InitMainTimer
                0x08008da4       0x5c ..\obj\main.o
                0x08008da4                InitMainTimer
 .text.TIM2_IRQHandler
                0x08008e00       0x14 ..\obj\main.o
                0x08008e00                TIM2_IRQHandler
 .text.InitRTC  0x08008e14       0xdc ..\obj\main.o
                0x08008e14                InitRTC
 .text.RTC_IRQHandler
                0x08008ef0       0x38 ..\obj\main.o
                0x08008ef0                RTC_IRQHandler
 .text.w1Init   0x08008f28       0x30 ..\obj\main.o
                0x08008f28                w1Init
 .text.Reg48ToI2C
                0x08008f58       0x10 ..\obj\main.o
                0x08008f58                Reg48ToI2C
 .text.TIM3_IRQHandler
                0x08008f68       0x18 ..\obj\main.o
                0x08008f68                TIM3_IRQHandler
 .text.SendBlockFRAM
                0x08008f80       0x7c ..\obj\main.o
                0x08008f80                SendBlockFRAM
 .text.ReWriteFRAM
                0x08008ffc       0x7c ..\obj\main.o
                0x08008ffc                ReWriteFRAM
 .text.SetInSaveRam
                0x08009078       0xd8 ..\obj\main.o
                0x08009078                SetInSaveRam
 .text.pmCalibr
                0x08009150      0x61c ..\obj\main.o
                0x08009150                pmCalibr
 .text.in_val   0x0800976c      0x628 ..\obj\main.o
                0x0800976c                in_val
 .text.KeyBoard
                0x08009d94      0x2c0 ..\obj\main.o
                0x08009d94                KeyBoard
 .text.RecvBlockFRAM
                0x0800a054       0x7c ..\obj\main.o
                0x0800a054                RecvBlockFRAM
 .text.TestFRAM
                0x0800a0d0       0xc0 ..\obj\main.o
                0x0800a0d0                TestFRAM
 .text.pmReset  0x0800a190      0x1e0 ..\obj\main.o
                0x0800a190                pmReset
 .text.TestRAM  0x0800a370       0x5c ..\obj\main.o
                0x0800a370                TestRAM
 .text.TestRAM0
                0x0800a3cc       0x34 ..\obj\main.o
                0x0800a3cc                TestRAM0
 .text.WriteToFRAM
                0x0800a400       0x50 ..\obj\main.o
                0x0800a400                WriteToFRAM
 .text.ReadFromFRAM
                0x0800a450       0x48 ..\obj\main.o
                0x0800a450                ReadFromFRAM
 .text.SetRTC   0x0800a498       0x6c ..\obj\main.o
                0x0800a498                SetRTC
 .text.pmDate   0x0800a504      0x240 ..\obj\main.o
                0x0800a504                pmDate
 .text.pmParam  0x0800a744      0xb10 ..\obj\main.o
                0x0800a744                pmParam
 .text.YMenu    0x0800b254       0x74 ..\obj\main.o
                0x0800b254                YMenu
 .text.GMenu    0x0800b2c8      0x204 ..\obj\main.o
                0x0800b2c8                GMenu
 .text.GetRTC   0x0800b4cc       0x54 ..\obj\main.o
                0x0800b4cc                GetRTC
 .text.TestMem  0x0800b520       0x7c ..\obj\main.o
                0x0800b520                TestMem
 .text.Control  0x0800b59c      0x6a8 ..\obj\main.o
                0x0800b59c                Control
 .text.EXTI9_5_IRQHandler
                0x0800bc44       0x28 ..\obj\main.o
                0x0800bc44                EXTI9_5_IRQHandler
 .text.Init_IWDG
                0x0800bc6c       0x30 ..\obj\main.o
                0x0800bc6c                Init_IWDG
 .text.Check_IWDG
                0x0800bc9c       0x14 ..\obj\main.o
                0x0800bc9c                Check_IWDG
 .text.CheckDigitMidl
                0x0800bcb0       0x3c ..\obj\main.o
                0x0800bcb0                CheckDigitMidl
 .text.CheckSensLevsNew
                0x0800bcec      0x364 ..\obj\main.o
                0x0800bcec                CheckSensLevsNew
 .text.CalibrNew
                0x0800c050      0x120 ..\obj\main.o
                0x0800c050                CalibrNew
 .text.Measure  0x0800c170      0x150 ..\obj\main.o
                0x0800c170                Measure
 .text.CheckInputConfig
                0x0800c2c0      0x11c ..\obj\main.o
                0x0800c2c0                CheckInputConfig
 .text.SPI1_Init
                0x0800c3dc       0xcc ..\obj\main.o
                0x0800c3dc                SPI1_Init
 .text.SPI1_ReadWrite
                0x0800c4a8       0x54 ..\obj\main.o
                0x0800c4a8                SPI1_ReadWrite
 .text.enc28j60ReadOp
                0x0800c4fc       0x58 ..\obj\main.o
                0x0800c4fc                enc28j60ReadOp
 .text.enc28j60WriteOp
                0x0800c554       0x40 ..\obj\main.o
                0x0800c554                enc28j60WriteOp
 .text.enc28j60ReadBuffer
                0x0800c594       0x64 ..\obj\main.o
                0x0800c594                enc28j60ReadBuffer
 .text.enc28j60WriteBuffer
                0x0800c5f8       0x4c ..\obj\main.o
                0x0800c5f8                enc28j60WriteBuffer
 .text.enc28j60SetBank
                0x0800c644       0x44 ..\obj\main.o
                0x0800c644                enc28j60SetBank
 .text.enc28j60Read
                0x0800c688       0x14 ..\obj\main.o
                0x0800c688                enc28j60Read
 .text.enc28j60Write
                0x0800c69c       0x18 ..\obj\main.o
                0x0800c69c                enc28j60Write
 .text.enc28j60PhyWrite
                0x0800c6b4       0x4c ..\obj\main.o
                0x0800c6b4                enc28j60PhyWrite
 .text.enc28j60clkout
                0x0800c700       0x10 ..\obj\main.o
                0x0800c700                enc28j60clkout
 .text.enc28j60Init
                0x0800c710      0x1c0 ..\obj\main.o
                0x0800c710                enc28j60Init
 .text.enc28j60PacketSend
                0x0800c8d0       0x88 ..\obj\main.o
                0x0800c8d0                enc28j60PacketSend
 .text.enc28j60PacketReceive
                0x0800c958       0xe8 ..\obj\main.o
                0x0800c958                enc28j60PacketReceive
 .text.checksum
                0x0800ca40       0x64 ..\obj\main.o
                0x0800ca40                checksum
 .text.init_ip_arp_udp_tcp
                0x0800caa4       0x38 ..\obj\main.o
                0x0800caa4                init_ip_arp_udp_tcp
 .text.eth_type_is_arp_and_my_ip
                0x0800cadc       0x6c ..\obj\main.o
                0x0800cadc                eth_type_is_arp_and_my_ip
 .text.eth_type_is_ip_and_my_ip
                0x0800cb48       0x74 ..\obj\main.o
                0x0800cb48                eth_type_is_ip_and_my_ip
 .text.make_eth
                0x0800cbbc       0x2c ..\obj\main.o
                0x0800cbbc                make_eth
 .text.fill_ip_hdr_checksum
                0x0800cbe8       0x2c ..\obj\main.o
                0x0800cbe8                fill_ip_hdr_checksum
 .text.make_ip  0x0800cc14       0x30 ..\obj\main.o
                0x0800cc14                make_ip
 .text.check_ip_scr
                0x0800cc44       0x38 ..\obj\main.o
                0x0800cc44                check_ip_scr
 .text.make_tcphead
                0x0800cc7c       0xc8 ..\obj\main.o
                0x0800cc7c                make_tcphead
 .text.make_arp_answer_from_request
                0x0800cd44       0x6c ..\obj\main.o
                0x0800cd44                make_arp_answer_from_request
 .text.make_echo_reply_from_request
                0x0800cdb0       0x40 ..\obj\main.o
                0x0800cdb0                make_echo_reply_from_request
 .text.make_tcp_synack_from_syn
                0x0800cdf0       0x58 ..\obj\main.o
                0x0800cdf0                make_tcp_synack_from_syn
 .text.get_tcp_data_pointer
                0x0800ce48       0x24 ..\obj\main.o
                0x0800ce48                get_tcp_data_pointer
 .text.init_len_info
                0x0800ce6c       0x28 ..\obj\main.o
                0x0800ce6c                init_len_info
 .text.fill_tcp_buf
                0x0800ce94       0x1c ..\obj\main.o
                0x0800ce94                fill_tcp_buf
 .text.make_tcp_ack_from_any
                0x0800ceb0       0x78 ..\obj\main.o
                0x0800ceb0                make_tcp_ack_from_any
 .text.make_tcp_ack_with_data
                0x0800cf28       0x78 ..\obj\main.o
                0x0800cf28                make_tcp_ack_with_data
 .text.BufCpy   0x0800cfa0       0x10 ..\obj\main.o
                0x0800cfa0                BufCpy
 .text.SocketUpdate
                0x0800cfb0      0x268 ..\obj\main.o
                0x0800cfb0                SocketUpdate
 .text.simple_servercycle
                0x0800d218      0x22c ..\obj\main.o
                0x0800d218                simple_servercycle
 .text.simple_server
                0x0800d444       0x8c ..\obj\main.o
                0x0800d444                simple_server
 .text.Init_STM32
                0x0800d4d0      0x11c ..\obj\main.o
                0x0800d4d0                Init_STM32
 .text.CheckWithoutPC
                0x0800d5ec       0xa0 ..\obj\main.o
                0x0800d5ec                CheckWithoutPC
 .text.main     0x0800d68c      0x2a0 ..\obj\main.o
                0x0800d68c                main
 .text.CheckRSTime
                0x0800d92c       0x5c ..\obj\stm32f10x_RS485.o
                0x0800d92c                CheckRSTime
 .text.USART1_IRQHandler
                0x0800d988      0x3f4 ..\obj\stm32f10x_RS485.o
                0x0800d988                USART1_IRQHandler
 .text.USART_PC_Configuration
                0x0800dd7c      0x124 ..\obj\stm32f10x_RS485.o
                0x0800dd7c                USART_PC_Configuration
 .text.RCC_LSEConfig
                0x0800dea0       0x3c ..\obj\stm32f10x_rcc.o
                0x0800dea0                RCC_LSEConfig
 .text.RCC_LSICmd
                0x0800dedc        0xc ..\obj\stm32f10x_rcc.o
                0x0800dedc                RCC_LSICmd
 .text.RCC_RTCCLKConfig
                0x0800dee8       0x10 ..\obj\stm32f10x_rcc.o
                0x0800dee8                RCC_RTCCLKConfig
 .text.RCC_RTCCLKCmd
                0x0800def8        0xc ..\obj\stm32f10x_rcc.o
                0x0800def8                RCC_RTCCLKCmd
 .text.RCC_GetClocksFreq
                0x0800df04      0x124 ..\obj\stm32f10x_rcc.o
                0x0800df04                RCC_GetClocksFreq
 .text.RCC_APB2PeriphClockCmd
                0x0800e028       0x24 ..\obj\stm32f10x_rcc.o
                0x0800e028                RCC_APB2PeriphClockCmd
 .text.RCC_APB1PeriphClockCmd
                0x0800e04c       0x24 ..\obj\stm32f10x_rcc.o
                0x0800e04c                RCC_APB1PeriphClockCmd
 .text.RCC_BackupResetCmd
                0x0800e070        0xc ..\obj\stm32f10x_rcc.o
                0x0800e070                RCC_BackupResetCmd
 .text.RCC_GetFlagStatus
                0x0800e07c       0x34 ..\obj\stm32f10x_rcc.o
                0x0800e07c                RCC_GetFlagStatus
 .text.Default_Reset_Handler
                0x0800e0b0       0x5c ..\obj\startup_stm32f10x_cl.o
                0x0800e0b0                Default_Reset_Handler
                0x0800e0b0                Reset_Handler
 .text.Default_Handler
                0x0800e10c        0x4 ..\obj\startup_stm32f10x_cl.o
                0x0800e10c                EXTI2_IRQHandler
                0x0800e10c                DebugMon_Handler
                0x0800e10c                TIM1_CC_IRQHandler
                0x0800e10c                HardFault_Handler
                0x0800e10c                TIM6_IRQHandler
                0x0800e10c                SysTick_Handler
                0x0800e10c                PVD_IRQHandler
                0x0800e10c                PendSV_Handler
                0x0800e10c                NMI_Handler
                0x0800e10c                CAN2_RX1_IRQHandler
                0x0800e10c                EXTI3_IRQHandler
                0x0800e10c                EXTI0_IRQHandler
                0x0800e10c                I2C2_EV_IRQHandler
                0x0800e10c                CAN1_RX0_IRQHandler
                0x0800e10c                UsageFault_Handler
                0x0800e10c                CAN2_SCE_IRQHandler
                0x0800e10c                ADC1_2_IRQHandler
                0x0800e10c                SPI1_IRQHandler
                0x0800e10c                TAMPER_IRQHandler
                0x0800e10c                CAN2_RX0_IRQHandler
                0x0800e10c                DMA2_Channel2_IRQHandler
                0x0800e10c                DMA1_Channel4_IRQHandler
                0x0800e10c                USART3_IRQHandler
                0x0800e10c                DMA1_Channel7_IRQHandler
                0x0800e10c                CAN1_RX1_IRQHandler
                0x0800e10c                UART5_IRQHandler
                0x0800e10c                TIM4_IRQHandler
                0x0800e10c                DMA2_Channel1_IRQHandler
                0x0800e10c                I2C1_EV_IRQHandler
                0x0800e10c                DMA1_Channel6_IRQHandler
                0x0800e10c                DMA2_Channel4_IRQHandler
                0x0800e10c                RCC_IRQHandler
                0x0800e10c                TIM1_TRG_COM_IRQHandler
                0x0800e10c                DMA1_Channel1_IRQHandler
                0x0800e10c                EXTI15_10_IRQHandler
                0x0800e10c                TIM7_IRQHandler
                0x0800e10c                CAN2_TX_IRQHandler
                0x0800e10c                TIM5_IRQHandler
                0x0800e10c                ETH_WKUP_IRQHandler
                0x0800e10c                SPI2_IRQHandler
                0x0800e10c                MemManage_Handler
                0x0800e10c                CAN1_TX_IRQHandler
                0x0800e10c                SVC_Handler
                0x0800e10c                DMA2_Channel5_IRQHandler
                0x0800e10c                DMA1_Channel5_IRQHandler
                0x0800e10c                EXTI4_IRQHandler
                0x0800e10c                DMA1_Channel3_IRQHandler
                0x0800e10c                ETH_IRQHandler
                0x0800e10c                TIM1_UP_IRQHandler
                0x0800e10c                WWDG_IRQHandler
                0x0800e10c                OTG_FS_WKUP_IRQHandler
                0x0800e10c                TIM1_BRK_IRQHandler
                0x0800e10c                EXTI1_IRQHandler
                0x0800e10c                RTCAlarm_IRQHandler
                0x0800e10c                USART2_IRQHandler
                0x0800e10c                I2C2_ER_IRQHandler
                0x0800e10c                DMA1_Channel2_IRQHandler
                0x0800e10c                CAN1_SCE_IRQHandler
                0x0800e10c                FLASH_IRQHandler
                0x0800e10c                BusFault_Handler
                0x0800e10c                OTG_FS_IRQHandler
                0x0800e10c                SPI3_IRQHandler
                0x0800e10c                I2C1_ER_IRQHandler
                0x0800e10c                DMA2_Channel3_IRQHandler
 .text.EXTI_Init
                0x0800e110       0x94 ..\obj\stm32f10x_exti.o
                0x0800e110                EXTI_Init
 .text.EXTI_GetITStatus
                0x0800e1a4       0x20 ..\obj\stm32f10x_exti.o
                0x0800e1a4                EXTI_GetITStatus
 .text.EXTI_ClearITPendingBit
                0x0800e1c4        0xc ..\obj\stm32f10x_exti.o
                0x0800e1c4                EXTI_ClearITPendingBit
 .text.USART_Init
                0x0800e1d0       0xf8 ..\obj\stm32f10x_usart.o
                0x0800e1d0                USART_Init
 .text.USART_Cmd
                0x0800e2c8       0x20 ..\obj\stm32f10x_usart.o
                0x0800e2c8                USART_Cmd
 .text.USART_ITConfig
                0x0800e2e8       0x3c ..\obj\stm32f10x_usart.o
                0x0800e2e8                USART_ITConfig
 .text.USART_SendData
                0x0800e324        0xc ..\obj\stm32f10x_usart.o
                0x0800e324                USART_SendData
 .text.USART_ReceiveData
                0x0800e330        0xc ..\obj\stm32f10x_usart.o
                0x0800e330                USART_ReceiveData
 .text.USART_ClearITPendingBit
                0x0800e33c       0x18 ..\obj\stm32f10x_usart.o
                0x0800e33c                USART_ClearITPendingBit
 .text.ResMod   0x0800e354       0x14 ..\obj\stm32f10x_RS485Master.o
                0x0800e354                ResMod
 .text.CpyBuf   0x0800e368       0x20 ..\obj\stm32f10x_RS485Master.o
                0x0800e368                CpyBuf
 .text.USART_OUT_Configuration
                0x0800e388       0xfc ..\obj\stm32f10x_RS485Master.o
                0x0800e388                USART_OUT_Configuration
 .text.UART4_IRQHandler
                0x0800e484      0x404 ..\obj\stm32f10x_RS485Master.o
                0x0800e484                UART4_IRQHandler
 .text.RS485_Master_ExchangeDataIRQ
                0x0800e888      0x110 ..\obj\stm32f10x_RS485Master.o
                0x0800e888                RS485_Master_ExchangeDataIRQ
 .text.RS485_Master_WriteDataIRQ
                0x0800e998       0x20 ..\obj\stm32f10x_RS485Master.o
                0x0800e998                RS485_Master_WriteDataIRQ
 .text.RS485_Master_ReadDataIRQ
                0x0800e9b8       0x20 ..\obj\stm32f10x_RS485Master.o
                0x0800e9b8                RS485_Master_ReadDataIRQ
 .text.GetIPCComMod
                0x0800e9d8       0x14 ..\obj\stm32f10x_RS485Master.o
                0x0800e9d8                GetIPCComMod
 .text.GetIPCNum
                0x0800e9ec       0x1c ..\obj\stm32f10x_RS485Master.o
                0x0800e9ec                GetIPCNum
 .text.ClrAllOutIPCDigit
                0x0800ea08       0x6c ..\obj\stm32f10x_RS485Master.o
                0x0800ea08                ClrAllOutIPCDigit
 .text.ResumeOutIPCDigit
                0x0800ea74       0x10 ..\obj\stm32f10x_RS485Master.o
                0x0800ea74                ResumeOutIPCDigit
 .text.SetOutIPCDigit
                0x0800ea84       0xbc ..\obj\stm32f10x_RS485Master.o
                0x0800ea84                SetOutIPCDigit
 .text.SetOutIPCReg
                0x0800eb40       0xac ..\obj\stm32f10x_RS485Master.o
                0x0800eb40                SetOutIPCReg
 .text.GetOutIPCDigit
                0x0800ebec       0x9c ..\obj\stm32f10x_RS485Master.o
                0x0800ebec                GetOutIPCDigit
 .text.GetInIPC
                0x0800ec88       0xb0 ..\obj\stm32f10x_RS485Master.o
                0x0800ec88                GetInIPC
 .text.GetDiskrIPC
                0x0800ed38       0xdc ..\obj\stm32f10x_RS485Master.o
                0x0800ed38                GetDiskrIPC
 .text.UpdateInIPC
                0x0800ee14       0xe8 ..\obj\stm32f10x_RS485Master.o
                0x0800ee14                UpdateInIPC
 .text.ModStatus
                0x0800eefc       0x40 ..\obj\stm32f10x_RS485Master.o
                0x0800eefc                ModStatus
 .text.IMOD_Exchange
                0x0800ef3c      0x1a0 ..\obj\stm32f10x_RS485Master.o
                0x0800ef3c                IMOD_Exchange
 .text.SendIPC  0x0800f0dc      0x3a8 ..\obj\stm32f10x_RS485Master.o
                0x0800f0dc                SendIPC
 .text.NVIC_PriorityGroupConfig
                0x0800f484       0x14 ..\obj\misc.o
                0x0800f484                NVIC_PriorityGroupConfig
 .text.NVIC_Init
                0x0800f498       0x84 ..\obj\misc.o
                0x0800f498                NVIC_Init
 .text.SPI_Init
                0x0800f51c       0x44 ..\obj\stm32f10x_spi.o
                0x0800f51c                SPI_Init
 .text.SPI_Cmd  0x0800f560       0x20 ..\obj\stm32f10x_spi.o
                0x0800f560                SPI_Cmd
 .text.SPI_I2S_SendData
                0x0800f580        0x4 ..\obj\stm32f10x_spi.o
                0x0800f580                SPI_I2S_SendData
 .text.SPI_I2S_ReceiveData
                0x0800f584        0x8 ..\obj\stm32f10x_spi.o
                0x0800f584                SPI_I2S_ReceiveData
 .text.SPI_I2S_GetFlagStatus
                0x0800f58c        0xc ..\obj\stm32f10x_spi.o
                0x0800f58c                SPI_I2S_GetFlagStatus
 .text.i2_fm_Init
                0x0800f598       0x48 ..\obj\I2CSoft.o
                0x0800f598                i2_fm_Init
 .text.i2_Start
                0x0800f5e0       0x1c ..\obj\I2CSoft.o
                0x0800f5e0                i2_Start
 .text.i2_Stop  0x0800f5fc       0x18 ..\obj\I2CSoft.o
                0x0800f5fc                i2_Stop
 .text.i2_ToSDA
                0x0800f614       0x24 ..\obj\I2CSoft.o
                0x0800f614                i2_ToSDA
 .text.i2_SetASK
                0x0800f638       0x40 ..\obj\I2CSoft.o
                0x0800f638                i2_SetASK
 .text.i2_GetASK
                0x0800f678       0x5c ..\obj\I2CSoft.o
                0x0800f678                i2_GetASK
 .text.i2_WriteByte
                0x0800f6d4       0x40 ..\obj\I2CSoft.o
                0x0800f6d4                i2_WriteByte
 .text.i2_ReadByte
                0x0800f714       0x60 ..\obj\I2CSoft.o
                0x0800f714                i2_ReadByte
 .text.fm_Read  0x0800f774       0xbc ..\obj\I2CSoft.o
                0x0800f774                fm_Read
 .text.fm_Write
                0x0800f830       0x90 ..\obj\I2CSoft.o
                0x0800f830                fm_Write
 .text.BKP_DeInit
                0x0800f8c0       0x14 ..\obj\stm32f10x_bkp.o
                0x0800f8c0                BKP_DeInit
 .text.BKP_WriteBackupRegister
                0x0800f8d4       0x20 ..\obj\stm32f10x_bkp.o
                0x0800f8d4                BKP_WriteBackupRegister
 .text.BKP_ReadBackupRegister
                0x0800f8f4       0x24 ..\obj\stm32f10x_bkp.o
                0x0800f8f4                BKP_ReadBackupRegister
 .text.IWDG_WriteAccessCmd
                0x0800f918        0xc ..\obj\stm32f10x_iwdg.o
                0x0800f918                IWDG_WriteAccessCmd
 .text.IWDG_SetPrescaler
                0x0800f924        0xc ..\obj\stm32f10x_iwdg.o
                0x0800f924                IWDG_SetPrescaler
 .text.IWDG_SetReload
                0x0800f930        0xc ..\obj\stm32f10x_iwdg.o
                0x0800f930                IWDG_SetReload
 .text.IWDG_ReloadCounter
                0x0800f93c       0x10 ..\obj\stm32f10x_iwdg.o
                0x0800f93c                IWDG_ReloadCounter
 .text.IWDG_Enable
                0x0800f94c       0x10 ..\obj\stm32f10x_iwdg.o
                0x0800f94c                IWDG_Enable
 *(.init)
 *(.fini)
 *crtbegin.o(.ctors)
 *crtbegin?.o(.ctors)
 *(EXCLUDE_FILE(*crtend.o *crtend?.o) .ctors)
 *(SORT(.ctors.*))
 *(.ctors)
 *crtbegin.o(.dtors)
 *crtbegin?.o(.dtors)
 *(EXCLUDE_FILE(*crtend.o *crtend?.o) .dtors)
 *(SORT(.dtors.*))
 *(.dtors)
 *(.rodata*)
 .rodata        0x0800f95c        0xc ..\obj\stm32f10x__clock.o
 .rodata        0x0800f968      0xd00 ..\obj\main.o
                0x0800f968                ExtCG
                0x0800fc68                FirstScreen
 .rodata.str1.4
                0x08010668      0x678 ..\obj\main.o
 *(.eh_fram e*)

.glue_7         0x08010ce0        0x0
 .glue_7        0x00000000        0x0 linker stubs

.glue_7t        0x08010ce0        0x0
 .glue_7t       0x00000000        0x0 linker stubs

.vfp11_veneer   0x08010ce0        0x0
 .vfp11_veneer  0x00000000        0x0 linker stubs

.v4_bx          0x08010ce0        0x0
 .v4_bx         0x00000000        0x0 linker stubs

.ARM.extab
 *(.ARM.extab* .gnu.linkonce.armextab.*)
                0x08010ce0                __exidx_start = .

.ARM.exidx
 *(.ARM.exidx* .gnu.linkonce.armexidx.*)
                0x08010ce0                __exidx_end = .
                0x08010ce0                __etext = .
                0x08010ce0                _sidata = __etext

.data           0x20000000     0x1f64 load address 0x08010ce0
                0x20000000                __data_start__ = .
                0x20000000                _sdata = __data_start__
 *(vtable)
 *(.data*)
 .data          0x20000000     0x1f50 ..\obj\main.o
                0x20000000                NameConst
                0x2000016c                NameSensConfig
                0x20000a3c                DefStrategy
                0x20000a74                MechC
                0x20001054                InitSystems
                0x200010f4                DefControl
                0x20001124                DefMechanic
                0x20001138                NameOutputConfig
                0x20001728                NameTimer
                0x20001a28                Mon
                0x20001a34                not
                0x20001a35                ton
                0x20001a38                DayOfWeek
                0x20001a80                NameInputConfig
                0x20001b68                NameSystemConfig
                0x20001cb4                NameParUpr
                0x20001f48                mymac
                0x20001f4c                ton_t
 .data          0x20001f50       0x14 ..\obj\stm32f10x_rcc.o
                0x20001f64                . = ALIGN (0x4)
                0x20001f64                PROVIDE (__preinit_array_start, .)
 *(.preinit_array)
                0x20001f64                PROVIDE (__preinit_array_end, .)
                0x20001f64                . = ALIGN (0x4)
                0x20001f64                PROVIDE (__init_array_start, .)
 *(SORT(.init_array.*))
 *(.init_array)
                0x20001f64                PROVIDE (__init_array_end, .)
                0x20001f64                . = ALIGN (0x4)
                0x20001f64                PROVIDE (__fini_array_start, .)
 *(SORT(.fini_array.*))
 *(.fini_array)
                0x20001f64                PROVIDE (__fini_array_end, .)
 *(.jcr*)
                0x20001f64                . = ALIGN (0x4)
                0x20001f64                __data_end__ = .
                0x20001f64                _edata = __data_end__

.bss            0x20001f64     0xc7f0 load address 0x08012c44
                0x20001f64                . = ALIGN (0x4)
                0x20001f64                __bss_start__ = .
                0x20001f64                _sbss = __bss_start__
 *(.bss*)
 .bss           0x20001f64      0x5fc ..\obj\main.o
                0x20001f64                Ad_Buf
                0x20001f65                AdinB
                0x20001f66                Form
                0x20001f67                SizeForm
                0x20001f68                Mark
                0x2000255d                payloadlen
                0x2000255e                fcmd_pos
                0x2000255f                ffi
 *(COMMON)
 COMMON         0x20002560     0x9a8c ..\obj\main.o
                0x20002560                PORTNUM
                0x20002564                LngY
                0x20002568                TecPerRas
                0x2000256c                Y_menu2
                0x2000256e                SaveInt
                0x20002570                WriteEEP
                0x20002571                TicVol
                0x20002572                ProgReset
                0x20002573                B_video
                0x20002574                Second
                0x20002578                pGD_ConstMechanic
                0x2000257c                pGD_ConstMechanic_Mech
                0x20002580                nSensAreaNow
                0x20002582                IntX
                0x20002584                nSensor
                0x20002586                fLightPause
                0x20002588                ToLowTime
                0x2000258c                EthBlock
                0x20002590                nPortD
                0x20002591                CalPort
                0x20002592                Int1Count
                0x20002594                PastPerRas
                0x20002598                NowDayOfWeek
                0x20002599                nTimer
                0x2000259c                pGD_Strategy_Tepl
                0x200025a0                MACAddr
                0x200025a4                pGD_Hot_Tepl_Kontur
                0x200025a8                bNight
                0x200025ac                pGD_Hot_Tepl
                0x200025b0                FalseIZ
                0x200025b4                DestSize
                0x200025b8                pBuf
                0x200025bc                nInput
                0x200025c0                MesINT1
                0x200025c4                nNextProgs
                0x200025c5                KeyDelay
                0x200025c8                ipaddr
                0x200025cc                EthSost
                0x200025d0                Sec
                0x200025d1                ByteZ
                0x200025d4                eCS
                0x200025d8                RegLEV
                0x200025d9                B_input
                0x200025dc                MaximVal
                0x200025e0                GlobData
                0x200025e2                BlkW
                0x200025e4                Int2Count
                0x200025e6                fLightOn
                0x200025e8                IntCount
                0x200025ec                MinimVal
                0x200025f0                MaskRas
                0x200025f2                IntZ
                0x200025f4                GD
                0x2000bd3d                TecChan
                0x2000bd3e                NMinPCOut
                0x2000bd40                plen
                0x2000bd44                Savebuf
                0x2000bd48                nSensTeplNow
                0x2000bd49                nTypeSens
                0x2000bd4a                nSensTeplSave
                0x2000bd4c                pGD_Strategy_Kontur
                0x2000bd50                nReset
                0x2000bd52                AdrEEP
                0x2000bd54                NDat
                0x2000bd58                pGD_TControl_Tepl_Kontur
                0x2000bd5c                ReadyIZ
                0x2000bd60                BlockEEP
                0x2000bda8                ValSize
                0x2000bda9                ByteW
                0x2000bdac                pGD_Hot_Hand
                0x2000bdb0                x_menu
                0x2000bdb4                pADRGD
                0x2000bdb8                nBlEEP
                0x2000bdb9                ByteY
                0x2000bdbc                pGD_TControl_Tepl
                0x2000bdc0                SendByte1W
                0x2000bdc4                Rezerv1
                0x2000bdc8                CopyVal
                0x2000bdcc                EndInput
                0x2000bdd0                dat_p
                0x2000bdd4                ByteX
                0x2000bdd8                AdrRAM
                0x2000bddc                StartY_menu2
                0x2000bde0                pGD_Level_Tepl
                0x2000bde4                NowCurRow
                0x2000bde5                NumBlock
                0x2000bde6                DemoMode
                0x2000bde7                SIM
                0x2000bde8                Rezerv2
                0x2000bdec                vNFCtr
                0x2000bdee                SizeEEP
                0x2000bdf0                Volume
                0x2000bdf4                LngX
                0x2000bdf8                IntY
                0x2000bdfa                GrafView
                0x2000bdfb                nSensTepl
                0x2000bdfc                fcmd
                0x2000bdfd                bSec
                0x2000bdfe                cmdval
                0x2000be00                pGD_Hot_Hand_Kontur
                0x2000be04                IPAddr
                0x2000be08                buf
                0x2000bf02                nPortSave
                0x2000bf03                nSensArea
                0x2000bf04                MesINT0
                0x2000bf06                nTimer1
                0x2000bf07                nPort
                0x2000bf08                Rezerv3
                0x2000bf0c                DestAdr
                0x2000bf10                StartMenuY
                0x2000bf11                NewCurRow
                0x2000bf14                fstr
                0x2000bf32                NumIzm
                0x2000bf34                MBusy
                0x2000bf38                TimeReset
                0x2000bf3c                bWaterReset
                0x2000bf4c                AdrGD
                0x2000bfa6                nNextSensor
                0x2000bfa8                SaveSample
                0x2000bfac                nProgs
                0x2000bfad                ToHiTime
                0x2000bfb0                Buf1W
                0x2000bfbc                pGD_MechConfig_Kontur
                0x2000bfc0                IWDG_Reset
                0x2000bfc4                Int3Count
                0x2000bfc6                SaveChar
                0x2000bfc8                PORTNUMBER
                0x2000bfcc                BITKL
                0x2000bfcd                SumYMenu
                0x2000bfce                SaveInt2
                0x2000bfd0                Menu
                0x2000bfd1                Y_menu
                0x2000bfd4                AdrVal
                0x2000bfd8                OutR
                0x2000bfe3                nInputD
                0x2000bfe4                pGD_MechConfig
                0x2000bfe8                pGD_Control_Tepl
 COMMON         0x2000bfec       0x93 ..\obj\stm32f10x_RS485.o
                0x2000bfec                chSumUART
                0x2000bff0                pSostRS485
                0x2000bff4                Sockets
                0x2000c058                RSTime
                0x2000c05c                pNumBlock
                0x2000c060                ptrUART
                0x2000c064                fSendByte
                0x2000c068                pNFCtr
                0x2000c06c                Head
                0x2000c078                pDataRS
                0x2000c07c                fAdrSend
                0x2000c07e                PHASE_RS
 *fill*         0x2000c07f        0x1 00
 COMMON         0x2000c080     0x26d3 ..\obj\stm32f10x_RS485Master.o
                0x2000c080                ReadBuf
                0x2000c468                GLF
                0x2000c46c                StatusByte
                0x2000c46e                GLDir
                0x2000c46f                bOutIPCBlock
                0x2000c470                cModule
                0x2000c474                pDataRSOUT
                0x2000c478                PHASE_RS_OUT
                0x2000c47c                GLCond
                0x2000c480                RSOutTime
                0x2000c484                ModulData
                0x2000e734                GLCtr
                0x2000e736                ncFan
                0x2000e738                GLSize
                0x2000e73c                HeadOUT
                0x2000e748                ptrUARTOUT
                0x2000e74c                GLData
                0x2000e750                cOperInModule
                0x2000e751                cCycle
                0x2000e752                chSumUARTOUT
                0x2000e754                . = ALIGN (0x4)
 *fill*         0x2000e753        0x1 00
                0x2000e754                __bss_end__ = .
                0x2000e754                _ebss = __bss_end__

.heap           0x2000e754        0x0
                0x2000e754                __end__ = .
                0x2000e754                _end = __end__
                0x2000e754                end = __end__
 *(.heap*)
                0x2000e754                __HeapLimit = .

.co_stack       0x2000e754      0x404 load address 0x0801f434
                0x2000e758                . = ALIGN (0x8)
 *fill*         0x2000e754        0x4 00
 *(.co_stack .co_stack.*)
 .co_stack      0x2000e758      0x400 ..\obj\startup_stm32f10x_cl.o
                0x2000e758                pulStack
                0x20010000                __StackTop = (ORIGIN (ram) + 0x10000)
                0x2000fbfc                __StackLimit = (__StackTop - SIZEOF (.co_stack))
                0x20010000                PROVIDE (__stack, __StackTop)
                0x00000001                ASSERT ((__StackLimit >= __HeapLimit), region ram  overflowed with stack)
LOAD ..\obj\stm32f10x_rtc.o
LOAD ..\obj\stm32f10x__clock.o
LOAD ..\obj\stm32f10x_tim.o
LOAD ..\obj\core_cm3.o
LOAD ..\obj\system_stm32f10x.o
LOAD ..\obj\stm32f10x_pwr.o
LOAD ..\obj\stm32f10x_gpio.o
LOAD ..\obj\main.o
LOAD ..\obj\stm32f10x_RS485.o
LOAD ..\obj\stm32f10x_rcc.o
LOAD ..\obj\startup_stm32f10x_cl.o
LOAD ..\obj\stm32f10x_exti.o
LOAD ..\obj\stm32f10x_usart.o
LOAD ..\obj\stm32f10x_RS485Master.o
LOAD ..\obj\stm32f10x_dma.o
LOAD ..\obj\misc.o
LOAD ..\obj\stm32f10x_spi.o
LOAD ..\obj\I2CSoft.o
LOAD ..\obj\stm32f10x_i2c.o
LOAD ..\obj\stm32f10x_bkp.o
LOAD ..\obj\stm32f10x_iwdg.o
START GROUP
LOAD c:/program files (x86)/gnu tools arm embedded/4.6 2012q4/bin/../lib/gcc/arm-none-eabi/4.6.2/armv7-m\libgcc.a
LOAD c:/program files (x86)/gnu tools arm embedded/4.6 2012q4/bin/../lib/gcc/arm-none-eabi/4.6.2/../../../../arm-none-eabi/lib/armv7-m\libg.a
LOAD c:/program files (x86)/gnu tools arm embedded/4.6 2012q4/bin/../lib/gcc/arm-none-eabi/4.6.2/../../../../arm-none-eabi/lib/armv7-m\libc.a
END GROUP
OUTPUT(Climat510_AHU.elf elf32-littlearm)

.debug_info     0x00000000    0x11aa5
 .debug_info    0x00000000      0x46a ..\obj\stm32f10x_rtc.o
 .debug_info    0x0000046a      0x412 ..\obj\stm32f10x__clock.o
 .debug_info    0x0000087c     0x1e32 ..\obj\stm32f10x_tim.o
 .debug_info    0x000026ae      0x54b ..\obj\core_cm3.o
 .debug_info    0x00002bf9      0x528 ..\obj\system_stm32f10x.o
 .debug_info    0x00003121      0x472 ..\obj\stm32f10x_pwr.o
 .debug_info    0x00003593      0x719 ..\obj\stm32f10x_gpio.o
 .debug_info    0x00003cac     0x77cf ..\obj\main.o
 .debug_info    0x0000b47b      0x8dc ..\obj\stm32f10x_RS485.o
 .debug_info    0x0000bd57      0xb1e ..\obj\stm32f10x_rcc.o
 .debug_info    0x0000c875      0x12e ..\obj\startup_stm32f10x_cl.o
 .debug_info    0x0000c9a3      0x35d ..\obj\stm32f10x_exti.o
 .debug_info    0x0000cd00      0xa54 ..\obj\stm32f10x_usart.o
 .debug_info    0x0000d754     0x152e ..\obj\stm32f10x_RS485Master.o
 .debug_info    0x0000ec82      0x495 ..\obj\stm32f10x_dma.o
 .debug_info    0x0000f117      0x548 ..\obj\misc.o
 .debug_info    0x0000f65f      0xa2a ..\obj\stm32f10x_spi.o
 .debug_info    0x00010089      0x447 ..\obj\I2CSoft.o
 .debug_info    0x000104d0      0xb6c ..\obj\stm32f10x_i2c.o
 .debug_info    0x0001103c      0x870 ..\obj\stm32f10x_bkp.o
 .debug_info    0x000118ac      0x1f9 ..\obj\stm32f10x_iwdg.o

.debug_abbrev   0x00000000     0x25b7
 .debug_abbrev  0x00000000      0x18c ..\obj\stm32f10x_rtc.o
 .debug_abbrev  0x0000018c      0x206 ..\obj\stm32f10x__clock.o
 .debug_abbrev  0x00000392      0x23a ..\obj\stm32f10x_tim.o
 .debug_abbrev  0x000005cc       0xb4 ..\obj\core_cm3.o
 .debug_abbrev  0x00000680      0x1a6 ..\obj\system_stm32f10x.o
 .debug_abbrev  0x00000826      0x19e ..\obj\stm32f10x_pwr.o
 .debug_abbrev  0x000009c4      0x1d9 ..\obj\stm32f10x_gpio.o
 .debug_abbrev  0x00000b9d      0x587 ..\obj\main.o
 .debug_abbrev  0x00001124      0x1ad ..\obj\stm32f10x_RS485.o
 .debug_abbrev  0x000012d1      0x1d0 ..\obj\stm32f10x_rcc.o
 .debug_abbrev  0x000014a1       0xb0 ..\obj\startup_stm32f10x_cl.o
 .debug_abbrev  0x00001551      0x170 ..\obj\stm32f10x_exti.o
 .debug_abbrev  0x000016c1      0x1b8 ..\obj\stm32f10x_usart.o
 .debug_abbrev  0x00001879      0x2ec ..\obj\stm32f10x_RS485Master.o
 .debug_abbrev  0x00001b65      0x174 ..\obj\stm32f10x_dma.o
 .debug_abbrev  0x00001cd9      0x15b ..\obj\misc.o
 .debug_abbrev  0x00001e34      0x1b0 ..\obj\stm32f10x_spi.o
 .debug_abbrev  0x00001fe4      0x1ba ..\obj\I2CSoft.o
 .debug_abbrev  0x0000219e      0x194 ..\obj\stm32f10x_i2c.o
 .debug_abbrev  0x00002332      0x17c ..\obj\stm32f10x_bkp.o
 .debug_abbrev  0x000024ae      0x109 ..\obj\stm32f10x_iwdg.o

.debug_loc      0x00000000     0x9e8a
 .debug_loc     0x00000000      0x1ee ..\obj\stm32f10x_rtc.o
 .debug_loc     0x000001ee      0x3bd ..\obj\stm32f10x__clock.o
 .debug_loc     0x000005ab     0x1598 ..\obj\stm32f10x_tim.o
 .debug_loc     0x00001b43      0x2ae ..\obj\core_cm3.o
 .debug_loc     0x00001df1      0x265 ..\obj\system_stm32f10x.o
 .debug_loc     0x00002056       0xe6 ..\obj\stm32f10x_pwr.o
 .debug_loc     0x0000213c      0x444 ..\obj\stm32f10x_gpio.o
 .debug_loc     0x00002580     0x4603 ..\obj\main.o
 .debug_loc     0x00006b83      0x19c ..\obj\stm32f10x_RS485.o
 .debug_loc     0x00006d1f      0x7b5 ..\obj\stm32f10x_rcc.o
 .debug_loc     0x000074d4       0x33 ..\obj\startup_stm32f10x_cl.o
 .debug_loc     0x00007507      0x174 ..\obj\stm32f10x_exti.o
 .debug_loc     0x0000767b      0x66b ..\obj\stm32f10x_usart.o
 .debug_loc     0x00007ce6      0xfae ..\obj\stm32f10x_RS485Master.o
 .debug_loc     0x00008c94      0x142 ..\obj\stm32f10x_dma.o
 .debug_loc     0x00008dd6      0x143 ..\obj\misc.o
 .debug_loc     0x00008f19      0x511 ..\obj\stm32f10x_spi.o
 .debug_loc     0x0000942a      0x2b9 ..\obj\I2CSoft.o
 .debug_loc     0x000096e3      0x646 ..\obj\stm32f10x_i2c.o
 .debug_loc     0x00009d29      0x124 ..\obj\stm32f10x_bkp.o
 .debug_loc     0x00009e4d       0x3d ..\obj\stm32f10x_iwdg.o

.debug_aranges  0x00000000     0x1458
 .debug_aranges
                0x00000000       0x88 ..\obj\stm32f10x_rtc.o
 .debug_aranges
                0x00000088       0x38 ..\obj\stm32f10x__clock.o
 .debug_aranges
                0x000000c0      0x2e0 ..\obj\stm32f10x_tim.o
 .debug_aranges
                0x000003a0       0xc8 ..\obj\core_cm3.o
 .debug_aranges
                0x00000468       0x28 ..\obj\system_stm32f10x.o
 .debug_aranges
                0x00000490       0x60 ..\obj\stm32f10x_pwr.o
 .debug_aranges
                0x000004f0       0xa8 ..\obj\stm32f10x_gpio.o
 .debug_aranges
                0x00000598      0x708 ..\obj\main.o
 .debug_aranges
                0x00000ca0       0x30 ..\obj\stm32f10x_RS485.o
 .debug_aranges
                0x00000cd0      0x160 ..\obj\stm32f10x_rcc.o
 .debug_aranges
                0x00000e30       0x28 ..\obj\startup_stm32f10x_cl.o
 .debug_aranges
                0x00000e58       0x58 ..\obj\stm32f10x_exti.o
 .debug_aranges
                0x00000eb0      0x100 ..\obj\stm32f10x_usart.o
 .debug_aranges
                0x00000fb0       0xe0 ..\obj\stm32f10x_RS485Master.o
 .debug_aranges
                0x00001090       0x70 ..\obj\stm32f10x_dma.o
 .debug_aranges
                0x00001100       0x40 ..\obj\misc.o
 .debug_aranges
                0x00001140       0xd0 ..\obj\stm32f10x_spi.o
 .debug_aranges
                0x00001210       0x68 ..\obj\I2CSoft.o
 .debug_aranges
                0x00001278      0x120 ..\obj\stm32f10x_i2c.o
 .debug_aranges
                0x00001398       0x78 ..\obj\stm32f10x_bkp.o
 .debug_aranges
                0x00001410       0x48 ..\obj\stm32f10x_iwdg.o

.debug_ranges   0x00000000     0x1338
 .debug_ranges  0x00000000       0x78 ..\obj\stm32f10x_rtc.o
 .debug_ranges  0x00000078       0x28 ..\obj\stm32f10x__clock.o
 .debug_ranges  0x000000a0      0x2d0 ..\obj\stm32f10x_tim.o
 .debug_ranges  0x00000370       0xb8 ..\obj\core_cm3.o
 .debug_ranges  0x00000428       0x18 ..\obj\system_stm32f10x.o
 .debug_ranges  0x00000440       0x50 ..\obj\stm32f10x_pwr.o
 .debug_ranges  0x00000490       0x98 ..\obj\stm32f10x_gpio.o
 .debug_ranges  0x00000528      0x728 ..\obj\main.o
 .debug_ranges  0x00000c50       0x20 ..\obj\stm32f10x_RS485.o
 .debug_ranges  0x00000c70      0x150 ..\obj\stm32f10x_rcc.o
 .debug_ranges  0x00000dc0       0x18 ..\obj\startup_stm32f10x_cl.o
 .debug_ranges  0x00000dd8       0x48 ..\obj\stm32f10x_exti.o
 .debug_ranges  0x00000e20       0xf0 ..\obj\stm32f10x_usart.o
 .debug_ranges  0x00000f10       0xd0 ..\obj\stm32f10x_RS485Master.o
 .debug_ranges  0x00000fe0       0x60 ..\obj\stm32f10x_dma.o
 .debug_ranges  0x00001040       0x30 ..\obj\misc.o
 .debug_ranges  0x00001070       0xc0 ..\obj\stm32f10x_spi.o
 .debug_ranges  0x00001130       0x58 ..\obj\I2CSoft.o
 .debug_ranges  0x00001188      0x110 ..\obj\stm32f10x_i2c.o
 .debug_ranges  0x00001298       0x68 ..\obj\stm32f10x_bkp.o
 .debug_ranges  0x00001300       0x38 ..\obj\stm32f10x_iwdg.o

.debug_line     0x00000000     0x7611
 .debug_line    0x00000000      0x290 ..\obj\stm32f10x_rtc.o
 .debug_line    0x00000290      0x292 ..\obj\stm32f10x__clock.o
 .debug_line    0x00000522      0x9e9 ..\obj\stm32f10x_tim.o
 .debug_line    0x00000f0b      0x277 ..\obj\core_cm3.o
 .debug_line    0x00001182      0x1f2 ..\obj\system_stm32f10x.o
 .debug_line    0x00001374      0x233 ..\obj\stm32f10x_pwr.o
 .debug_line    0x000015a7      0x36f ..\obj\stm32f10x_gpio.o
 .debug_line    0x00001916     0x3196 ..\obj\main.o
 .debug_line    0x00004aac      0x2ca ..\obj\stm32f10x_RS485.o
 .debug_line    0x00004d76      0x51a ..\obj\stm32f10x_rcc.o
 .debug_line    0x00005290       0x9b ..\obj\startup_stm32f10x_cl.o
 .debug_line    0x0000532b      0x26d ..\obj\stm32f10x_exti.o
 .debug_line    0x00005598      0x451 ..\obj\stm32f10x_usart.o
 .debug_line    0x000059e9      0x7a9 ..\obj\stm32f10x_RS485Master.o
 .debug_line    0x00006192      0x2ba ..\obj\stm32f10x_dma.o
 .debug_line    0x0000644c      0x20b ..\obj\misc.o
 .debug_line    0x00006657      0x3e1 ..\obj\stm32f10x_spi.o
 .debug_line    0x00006a38      0x323 ..\obj\I2CSoft.o
 .debug_line    0x00006d5b      0x48a ..\obj\stm32f10x_i2c.o
 .debug_line    0x000071e5      0x251 ..\obj\stm32f10x_bkp.o
 .debug_line    0x00007436      0x1db ..\obj\stm32f10x_iwdg.o

.debug_str      0x00000000     0x61cc
 .debug_str     0x00000000      0x2e2 ..\obj\stm32f10x_rtc.o
                                0x33f (size before relaxing)
 .debug_str     0x000002e2       0xeb ..\obj\stm32f10x__clock.o
                                0x202 (size before relaxing)
 .debug_str     0x000003cd      0xb83 ..\obj\stm32f10x_tim.o
                                0xd7a (size before relaxing)
 .debug_str     0x00000f50      0x166 ..\obj\core_cm3.o
                                0x269 (size before relaxing)
 .debug_str     0x000010b6      0x1ab ..\obj\system_stm32f10x.o
                                0x2bd (size before relaxing)
 .debug_str     0x00001261      0x12a ..\obj\stm32f10x_pwr.o
                                0x2af (size before relaxing)
 .debug_str     0x0000138b      0x37a ..\obj\stm32f10x_gpio.o
                                0x4b6 (size before relaxing)
 .debug_str     0x00001705     0x2c8b ..\obj\main.o
                               0x35fe (size before relaxing)
 .debug_str     0x00004390      0x193 ..\obj\stm32f10x_RS485.o
                                0x904 (size before relaxing)
 .debug_str     0x00004523      0x4f2 ..\obj\stm32f10x_rcc.o
                                0x6ff (size before relaxing)
 .debug_str     0x00004a15       0xb3 ..\obj\startup_stm32f10x_cl.o
                                0x11b (size before relaxing)
 .debug_str     0x00004ac8      0x108 ..\obj\stm32f10x_exti.o
                                0x2fb (size before relaxing)
 .debug_str     0x00004bd0      0x3ac ..\obj\stm32f10x_usart.o
                                0x62d (size before relaxing)
 .debug_str     0x00004f7c      0x3af ..\obj\stm32f10x_RS485Master.o
                                0xc04 (size before relaxing)
 .debug_str     0x0000532b      0x21f ..\obj\stm32f10x_dma.o
                                0x35e (size before relaxing)
 .debug_str     0x0000554a      0x155 ..\obj\misc.o
                                0x360 (size before relaxing)
 .debug_str     0x0000569f      0x2bb ..\obj\stm32f10x_spi.o
                                0x5e7 (size before relaxing)
 .debug_str     0x0000595a       0xa5 ..\obj\I2CSoft.o
                                0x2e2 (size before relaxing)
 .debug_str     0x000059ff      0x3bd ..\obj\stm32f10x_i2c.o
                                0x603 (size before relaxing)
 .debug_str     0x00005dbc      0x32d ..\obj\stm32f10x_bkp.o
                                0x552 (size before relaxing)
 .debug_str     0x000060e9       0xe3 ..\obj\stm32f10x_iwdg.o
                                0x1f9 (size before relaxing)

.comment        0x00000000       0x70
 .comment       0x00000000       0x70 ..\obj\stm32f10x_rtc.o
                                 0x71 (size before relaxing)
 .comment       0x00000000       0x71 ..\obj\stm32f10x__clock.o
 .comment       0x00000000       0x71 ..\obj\stm32f10x_tim.o
 .comment       0x00000000       0x71 ..\obj\core_cm3.o
 .comment       0x00000000       0x71 ..\obj\system_stm32f10x.o
 .comment       0x00000000       0x71 ..\obj\stm32f10x_pwr.o
 .comment       0x00000000       0x71 ..\obj\stm32f10x_gpio.o
 .comment       0x00000000       0x71 ..\obj\main.o
 .comment       0x00000000       0x71 ..\obj\stm32f10x_RS485.o
 .comment       0x00000000       0x71 ..\obj\stm32f10x_rcc.o
 .comment       0x00000000       0x71 ..\obj\startup_stm32f10x_cl.o
 .comment       0x00000000       0x71 ..\obj\stm32f10x_exti.o
 .comment       0x00000000       0x71 ..\obj\stm32f10x_usart.o
 .comment       0x00000000       0x71 ..\obj\stm32f10x_RS485Master.o
 .comment       0x00000000       0x71 ..\obj\stm32f10x_dma.o
 .comment       0x00000000       0x71 ..\obj\misc.o
 .comment       0x00000000       0x71 ..\obj\stm32f10x_spi.o
 .comment       0x00000000       0x71 ..\obj\I2CSoft.o
 .comment       0x00000000       0x71 ..\obj\stm32f10x_i2c.o
 .comment       0x00000000       0x71 ..\obj\stm32f10x_bkp.o
 .comment       0x00000000       0x71 ..\obj\stm32f10x_iwdg.o

.ARM.attributes
                0x00000000       0x33
 .ARM.attributes
                0x00000000       0x33 ..\obj\stm32f10x_rtc.o
 .ARM.attributes
                0x00000033       0x33 ..\obj\stm32f10x__clock.o
 .ARM.attributes
                0x00000066       0x33 ..\obj\stm32f10x_tim.o
 .ARM.attributes
                0x00000099       0x33 ..\obj\core_cm3.o
 .ARM.attributes
                0x000000cc       0x33 ..\obj\system_stm32f10x.o
 .ARM.attributes
                0x000000ff       0x33 ..\obj\stm32f10x_pwr.o
 .ARM.attributes
                0x00000132       0x33 ..\obj\stm32f10x_gpio.o
 .ARM.attributes
                0x00000165       0x33 ..\obj\main.o
 .ARM.attributes
                0x00000198       0x33 ..\obj\stm32f10x_RS485.o
 .ARM.attributes
                0x000001cb       0x33 ..\obj\stm32f10x_rcc.o
 .ARM.attributes
                0x000001fe       0x33 ..\obj\startup_stm32f10x_cl.o
 .ARM.attributes
                0x00000231       0x33 ..\obj\stm32f10x_exti.o
 .ARM.attributes
                0x00000264       0x33 ..\obj\stm32f10x_usart.o
 .ARM.attributes
                0x00000297       0x33 ..\obj\stm32f10x_RS485Master.o
 .ARM.attributes
                0x000002ca       0x33 ..\obj\stm32f10x_dma.o
 .ARM.attributes
                0x000002fd       0x33 ..\obj\misc.o
 .ARM.attributes
                0x00000330       0x33 ..\obj\stm32f10x_spi.o
 .ARM.attributes
                0x00000363       0x33 ..\obj\I2CSoft.o
 .ARM.attributes
                0x00000396       0x33 ..\obj\stm32f10x_i2c.o
 .ARM.attributes
                0x000003c9       0x33 ..\obj\stm32f10x_bkp.o
 .ARM.attributes
                0x000003fc       0x33 ..\obj\stm32f10x_iwdg.o
 .ARM.attributes
                0x0000042f       0x1d c:/program files (x86)/gnu tools arm embedded/4.6 2012q4/bin/../lib/gcc/arm-none-eabi/4.6.2/armv7-m\libgcc.a(_arm_addsubdf3.o)
 .ARM.attributes
                0x0000044c       0x1d c:/program files (x86)/gnu tools arm embedded/4.6 2012q4/bin/../lib/gcc/arm-none-eabi/4.6.2/armv7-m\libgcc.a(_arm_muldivdf3.o)
 .ARM.attributes
                0x00000469       0x1d c:/program files (x86)/gnu tools arm embedded/4.6 2012q4/bin/../lib/gcc/arm-none-eabi/4.6.2/armv7-m\libgcc.a(_arm_truncdfsf2.o)
 .ARM.attributes
                0x00000486       0x1d c:/program files (x86)/gnu tools arm embedded/4.6 2012q4/bin/../lib/gcc/arm-none-eabi/4.6.2/armv7-m\libgcc.a(_arm_addsubsf3.o)
 .ARM.attributes
                0x000004a3       0x1d c:/program files (x86)/gnu tools arm embedded/4.6 2012q4/bin/../lib/gcc/arm-none-eabi/4.6.2/armv7-m\libgcc.a(_arm_muldivsf3.o)
 .ARM.attributes
                0x000004c0       0x1d c:/program files (x86)/gnu tools arm embedded/4.6 2012q4/bin/../lib/gcc/arm-none-eabi/4.6.2/armv7-m\libgcc.a(_arm_fixunssfsi.o)

.debug_frame    0x00000000     0x32cc
 .debug_frame   0x00000000      0x108 ..\obj\stm32f10x_rtc.o
 .debug_frame   0x00000108       0x7c ..\obj\stm32f10x__clock.o
 .debug_frame   0x00000184      0x650 ..\obj\stm32f10x_tim.o
 .debug_frame   0x000007d4      0x170 ..\obj\core_cm3.o
 .debug_frame   0x00000944       0x3c ..\obj\system_stm32f10x.o
 .debug_frame   0x00000980       0xa8 ..\obj\stm32f10x_pwr.o
 .debug_frame   0x00000a28      0x168 ..\obj\stm32f10x_gpio.o
 .debug_frame   0x00000b90     0x171c ..\obj\main.o
 .debug_frame   0x000022ac       0x68 ..\obj\stm32f10x_RS485.o
 .debug_frame   0x00002314      0x2b4 ..\obj\stm32f10x_rcc.o
 .debug_frame   0x000025c8       0x38 ..\obj\startup_stm32f10x_cl.o
 .debug_frame   0x00002600       0x98 ..\obj\stm32f10x_exti.o
 .debug_frame   0x00002698      0x20c ..\obj\stm32f10x_usart.o
 .debug_frame   0x000028a4      0x2c4 ..\obj\stm32f10x_RS485Master.o
 .debug_frame   0x00002b68       0xc8 ..\obj\stm32f10x_dma.o
 .debug_frame   0x00002c30       0x68 ..\obj\misc.o
 .debug_frame   0x00002c98      0x1a8 ..\obj\stm32f10x_spi.o
 .debug_frame   0x00002e40       0xfc ..\obj\I2CSoft.o
 .debug_frame   0x00002f3c      0x240 ..\obj\stm32f10x_i2c.o
 .debug_frame   0x0000317c       0xe0 ..\obj\stm32f10x_bkp.o
 .debug_frame   0x0000325c       0x70 ..\obj\stm32f10x_iwdg.o
